This file contains any messages produced by compilers while
running configure, to aid debugging if configure makes a mistake.

It was created by configure, which was
generated by GNU Autoconf 2.72.  Invocation command line was

  $ ./configure --with-php-config=/usr/local/php-zts/bin/php-config

## --------- ##
## Platform. ##
## --------- ##

hostname = bode
uname -m = x86_64
uname -r = 6.6.87.2-microsoft-standard-WSL2
uname -s = Linux
uname -v = #1 SMP PREEMPT_DYNAMIC Thu Jun  5 18:30:46 UTC 2025

/usr/bin/uname -p = unknown
/bin/uname -X     = unknown

/bin/arch              = x86_64
/usr/bin/arch -k       = unknown
/usr/convex/getsysinfo = unknown
/usr/bin/hostinfo      = unknown
/bin/machine           = unknown
/usr/bin/oslevel       = unknown
/bin/universe          = unknown

PATH: /usr/local/sbin/
PATH: /usr/local/bin/
PATH: /usr/sbin/
PATH: /usr/bin/
PATH: /sbin/
PATH: /bin/


## ----------- ##
## Core tests. ##
## ----------- ##

configure:2568: looking for aux files: config.guess config.sub
configure:2581:  trying ./build/
configure:2610:   ./build/config.guess found
configure:2610:   ./build/config.sub found
configure:2728: checking for grep that handles long lines and -e
configure:2794: result: /usr/bin/grep
configure:2799: checking for egrep
configure:2869: result: /usr/bin/grep -E
configure:2876: checking for a sed that does not truncate output
configure:2948: result: /usr/bin/sed
configure:3025: checking build system type
configure:3041: result: x86_64-pc-linux-gnu
configure:3061: checking host system type
configure:3076: result: x86_64-pc-linux-gnu
configure:3096: checking target system type
configure:3111: result: x86_64-pc-linux-gnu
configure:3163: checking for gawk
configure:3185: found /usr/bin/gawk
configure:3197: result: gawk
configure:3305: checking for pkg-config
configure:3328: found /usr/bin/pkg-config
configure:3341: result: /usr/bin/pkg-config
configure:3366: checking pkg-config is at least version 0.9.0
configure:3369: result: yes
configure:3446: checking for cc
configure:3467: found /usr/bin/cc
configure:3479: result: cc
configure:3510: checking for C compiler version
configure:3519: cc --version >&5
cc (Debian 14.2.0-19) 14.2.0
Copyright (C) 2024 Free Software Foundation, Inc.
This is free software; see the source for copying conditions.  There is NO
warranty; not even for MERCHANTABILITY or FITNESS FOR A PARTICULAR PURPOSE.

configure:3530: $? = 0
configure:3519: cc -v >&5
Using built-in specs.
COLLECT_GCC=cc
COLLECT_LTO_WRAPPER=/usr/libexec/gcc/x86_64-linux-gnu/14/lto-wrapper
OFFLOAD_TARGET_NAMES=nvptx-none:amdgcn-amdhsa
OFFLOAD_TARGET_DEFAULT=1
Target: x86_64-linux-gnu
Configured with: ../src/configure -v --with-pkgversion='Debian 14.2.0-19' --with-bugurl=file:///usr/share/doc/gcc-14/README.Bugs --enable-languages=c,ada,c++,go,d,fortran,objc,obj-c++,m2,rust --prefix=/usr --with-gcc-major-version-only --program-suffix=-14 --program-prefix=x86_64-linux-gnu- --enable-shared --enable-linker-build-id --libexecdir=/usr/libexec --without-included-gettext --enable-threads=posix --libdir=/usr/lib --enable-nls --enable-bootstrap --enable-clocale=gnu --enable-libstdcxx-debug --enable-libstdcxx-time=yes --with-default-libstdcxx-abi=new --enable-libstdcxx-backtrace --enable-gnu-unique-object --disable-vtable-verify --enable-plugin --enable-default-pie --with-system-zlib --enable-libphobos-checking=release --with-target-system-zlib=auto --enable-objc-gc=auto --enable-multiarch --disable-werror --enable-cet --with-arch-32=i686 --with-abi=m64 --with-multilib-list=m32,m64,mx32 --enable-multilib --with-tune=generic --enable-offload-targets=nvptx-none=/build/reproducible-path/gcc-14-14.2.0/debian/tmp-nvptx/usr,amdgcn-amdhsa=/build/reproducible-path/gcc-14-14.2.0/debian/tmp-gcn/usr --enable-offload-defaulted --without-cuda-driver --enable-checking=release --build=x86_64-linux-gnu --host=x86_64-linux-gnu --target=x86_64-linux-gnu --with-build-config=bootstrap-lto-lean --enable-link-serialization=3
Thread model: posix
Supported LTO compression algorithms: zlib zstd
gcc version 14.2.0 (Debian 14.2.0-19) 
... rest of stderr output deleted ...
configure:3530: $? = 0
configure:3519: cc -V >&5
cc: error: unrecognized command-line option '-V'
cc: fatal error: no input files
compilation terminated.
configure:3530: $? = 1
configure:3519: cc -qversion >&5
cc: error: unrecognized command-line option '-qversion'; did you mean '--version'?
cc: fatal error: no input files
compilation terminated.
configure:3530: $? = 1
configure:3519: cc -version >&5
cc: error: unrecognized command-line option '-version'
cc: fatal error: no input files
compilation terminated.
configure:3530: $? = 1
configure:3550: checking whether the C compiler works
configure:3572: cc    conftest.c  >&5
configure:3576: $? = 0
configure:3627: result: yes
configure:3631: checking for C compiler default output file name
configure:3633: result: a.out
configure:3639: checking for suffix of executables
configure:3646: cc -o conftest    conftest.c  >&5
configure:3650: $? = 0
configure:3674: result: 
configure:3698: checking whether we are cross compiling
configure:3706: cc -o conftest    conftest.c  >&5
configure:3710: $? = 0
configure:3717: ./conftest
configure:3721: $? = 0
configure:3736: result: no
configure:3742: checking for suffix of object files
configure:3765: cc -c   conftest.c >&5
configure:3769: $? = 0
configure:3793: result: o
configure:3797: checking whether the compiler supports GNU C
configure:3817: cc -c   conftest.c >&5
configure:3817: $? = 0
configure:3829: result: yes
configure:3840: checking whether cc accepts -g
configure:3861: cc -c -g  conftest.c >&5
configure:3861: $? = 0
configure:3908: result: yes
configure:3928: checking for cc option to enable C11 features
configure:3943: cc  -c -g -O2  conftest.c >&5
configure:3943: $? = 0
configure:3962: result: none needed
configure:4086: checking how to run the C preprocessor
configure:4112: cc -E  conftest.c
configure:4112: $? = 0
configure:4128: cc -E  conftest.c
conftest.c:9:10: fatal error: ac_nonexistent.h: No such file or directory
    9 | #include <ac_nonexistent.h>
      |          ^~~~~~~~~~~~~~~~~~
compilation terminated.
configure:4128: $? = 1
configure: failed program was:
| /* confdefs.h */
| #define PACKAGE_NAME ""
| #define PACKAGE_TARNAME ""
| #define PACKAGE_VERSION ""
| #define PACKAGE_STRING ""
| #define PACKAGE_BUGREPORT ""
| #define PACKAGE_URL ""
| /* end confdefs.h.  */
| #include <ac_nonexistent.h>
configure:4157: result: cc -E
configure:4171: cc -E  conftest.c
configure:4171: $? = 0
configure:4187: cc -E  conftest.c
conftest.c:9:10: fatal error: ac_nonexistent.h: No such file or directory
    9 | #include <ac_nonexistent.h>
      |          ^~~~~~~~~~~~~~~~~~
compilation terminated.
configure:4187: $? = 1
configure: failed program was:
| /* confdefs.h */
| #define PACKAGE_NAME ""
| #define PACKAGE_TARNAME ""
| #define PACKAGE_VERSION ""
| #define PACKAGE_STRING ""
| #define PACKAGE_BUGREPORT ""
| #define PACKAGE_URL ""
| /* end confdefs.h.  */
| #include <ac_nonexistent.h>
configure:4220: checking for egrep -e
configure:4350: result: /usr/bin/grep -E
configure:4356: checking for icc
configure:4366: result: no
configure:4381: checking for suncc
configure:4391: result: no
configure:4410: checking for system library directory
configure:4427: result: lib
configure:4434: checking if compiler supports -Wl,-rpath,
configure:4454: cc -o conftest -g -O2   conftest.c -Wl,-rpath,/usr/lib  >&5
configure:4454: $? = 0
configure:4467: result: yes
configure:4591: checking for PHP prefix
configure:4593: result: /usr/local/php-zts
configure:4595: checking for PHP includes
configure:4597: result: -I/usr/local/php-zts/include/php -I/usr/local/php-zts/include/php/main -I/usr/local/php-zts/include/php/TSRM -I/usr/local/php-zts/include/php/Zend -I/usr/local/php-zts/include/php/ext -I/usr/local/php-zts/include/php/ext/date/lib
configure:4599: checking for PHP extension directory
configure:4601: result: /usr/local/php-zts/lib/php/extensions/no-debug-zts-20240924
configure:4603: checking for PHP installed headers prefix
configure:4605: result: /usr/local/php-zts/include/php
configure:4608: checking if debugging is enabled
configure:4632: result: no
configure:4635: checking if PHP is built with thread safety (ZTS)
configure:4659: result: yes
configure:4736: result: 
configure:4738: result: [1mConfiguring extension[m
configure:4745: checking whether to enable APCu support
configure:4786: result: yes, shared
configure:4795: checking if APCu should be allowed to use rwlocks
configure:4811: result: yes
configure:4820: checking if APCu should be built in debug mode
configure:4836: result: no
configure:4845: checking if APCu should clear on SIGUSR1
configure:4861: result: no
configure:4870: checking if APCu should use mmap instead of shm
configure:4886: result: yes
configure:4895: checking if APCu should utilize spinlocks before flocks
configure:4911: result: no
configure:4920: checking whether to enable Valgrind-based memory checks
configure:4936: result: yes
configure:4945: checking whether to include code coverage symbols
configure:4961: result: no
configure:5002: checking for stdio.h
configure:5002: cc -c -g -O2  conftest.c >&5
configure:5002: $? = 0
configure:5002: result: yes
configure:5002: checking for stdlib.h
configure:5002: cc -c -g -O2  conftest.c >&5
configure:5002: $? = 0
configure:5002: result: yes
configure:5002: checking for string.h
configure:5002: cc -c -g -O2  conftest.c >&5
configure:5002: $? = 0
configure:5002: result: yes
configure:5002: checking for inttypes.h
configure:5002: cc -c -g -O2  conftest.c >&5
configure:5002: $? = 0
configure:5002: result: yes
configure:5002: checking for stdint.h
configure:5002: cc -c -g -O2  conftest.c >&5
configure:5002: $? = 0
configure:5002: result: yes
configure:5002: checking for strings.h
configure:5002: cc -c -g -O2  conftest.c >&5
configure:5002: $? = 0
configure:5002: result: yes
configure:5002: checking for sys/stat.h
configure:5002: cc -c -g -O2  conftest.c >&5
configure:5002: $? = 0
configure:5002: result: yes
configure:5002: checking for sys/types.h
configure:5002: cc -c -g -O2  conftest.c >&5
configure:5002: $? = 0
configure:5002: result: yes
configure:5002: checking for unistd.h
configure:5002: cc -c -g -O2  conftest.c >&5
configure:5002: $? = 0
configure:5002: result: yes
configure:5033: checking for valgrind/memcheck.h
configure:5033: cc -c -g -O2  conftest.c >&5
conftest.c:48:10: fatal error: valgrind/memcheck.h: No such file or directory
   48 | #include <valgrind/memcheck.h>
      |          ^~~~~~~~~~~~~~~~~~~~~
compilation terminated.
configure:5033: $? = 1
configure: failed program was:
| /* confdefs.h */
| #define PACKAGE_NAME ""
| #define PACKAGE_TARNAME ""
| #define PACKAGE_VERSION ""
| #define PACKAGE_STRING ""
| #define PACKAGE_BUGREPORT ""
| #define PACKAGE_URL ""
| #define APC_MMAP 1
| #define HAVE_STDIO_H 1
| #define HAVE_STDLIB_H 1
| #define HAVE_STRING_H 1
| #define HAVE_INTTYPES_H 1
| #define HAVE_STDINT_H 1
| #define HAVE_STRINGS_H 1
| #define HAVE_SYS_STAT_H 1
| #define HAVE_SYS_TYPES_H 1
| #define HAVE_UNISTD_H 1
| #define STDC_HEADERS 1
| /* end confdefs.h.  */
| #include <stddef.h>
| #ifdef HAVE_STDIO_H
| # include <stdio.h>
| #endif
| #ifdef HAVE_STDLIB_H
| # include <stdlib.h>
| #endif
| #ifdef HAVE_STRING_H
| # include <string.h>
| #endif
| #ifdef HAVE_INTTYPES_H
| # include <inttypes.h>
| #endif
| #ifdef HAVE_STDINT_H
| # include <stdint.h>
| #endif
| #ifdef HAVE_STRINGS_H
| # include <strings.h>
| #endif
| #ifdef HAVE_SYS_TYPES_H
| # include <sys/types.h>
| #endif
| #ifdef HAVE_SYS_STAT_H
| # include <sys/stat.h>
| #endif
| #ifdef HAVE_UNISTD_H
| # include <unistd.h>
| #endif
| #include <valgrind/memcheck.h>
configure:5033: result: no
configure:5039: Valgrind-based memory checks are disabled.
configure:5053: checking whether the target compiler supports builtin atomics
configure:5075: cc -o conftest -g -O2   conftest.c  >&5
configure:5075: $? = 0
configure:5086: result: yes
configure:5102: checking for pthread rwlocks
configure:5156: cc -o conftest -g -O2   conftest.c  -lpthread >&5
configure:5156: $? = 0
configure:5156: ./conftest
configure:5156: $? = 0
configure:5173: result: yes
configure:5194: checking for pthread mutexes
configure:5247: cc -o conftest -g -O2   conftest.c  -lpthread >&5
configure:5247: $? = 0
configure:5247: ./conftest
configure:5247: $? = 0
configure:5261: result: yes
configure:5306: checking for sigaction
configure:5306: cc -o conftest -g -O2   conftest.c  >&5
configure:5306: $? = 0
configure:5306: result: yes
configure:5316: checking whether the C compiler accepts -Wall
configure:5336: cc -c -g -O2  -Wall  conftest.c >&5
configure:5336: $? = 0
configure:5348: result: yes
configure:5316: checking whether the C compiler accepts -Wextra
configure:5336: cc -c -g -O2  -Wextra  conftest.c >&5
configure:5336: $? = 0
configure:5348: result: yes
configure:5316: checking whether the C compiler accepts -Wno-unused-parameter
configure:5336: cc -c -g -O2  -Wno-unused-parameter  conftest.c >&5
configure:5336: $? = 0
configure:5348: result: yes
configure:5372: checking for library containing shm_open
configure:5408: cc -o conftest -g -O2   conftest.c  >&5
configure:5408: $? = 0
configure:5430: result: none required
configure:6013: result: 
configure:6015: result: [1mConfiguring libtool[m
configure:6103: checking for a sed that does not truncate output
configure:6159: result: /usr/bin/sed
configure:6175: checking for ld used by cc
configure:6244: result: /usr/bin/ld
configure:6251: checking if the linker (/usr/bin/ld) is GNU ld
configure:6268: result: yes
configure:6273: checking for /usr/bin/ld option to reload object files
configure:6282: result: -r
configure:6300: checking for BSD-compatible nm
configure:6351: result: /usr/bin/nm -B
configure:6355: checking whether ln -s works
configure:6359: result: yes
configure:6366: checking how to recognize dependent libraries
configure:6554: result: pass_all
configure:6639: cc -c -g -O2  conftest.c >&5
configure:6642: $? = 0
configure:6775: checking for dlfcn.h
configure:6775: cc -c -g -O2  conftest.c >&5
configure:6775: $? = 0
configure:6775: result: yes
configure:6794: checking the maximum length of command line arguments
configure:6908: result: 1572864
configure:6920: checking command to parse /usr/bin/nm -B output from cc object
configure:7026: cc -c -g -O2  conftest.c >&5
configure:7029: $? = 0
configure:7033: /usr/bin/nm -B conftest.o \| sed -n -e 's/^.*[ 	]\([ABCDGIRSTW][ABCDGIRSTW]*\)[ 	][ 	]*\([_A-Za-z][_A-Za-z0-9]*\)$/\1 \2 \2/p' \> conftest.nm
configure:7036: $? = 0
configure:7088: cc -o conftest -g -O2   conftest.c conftstm.o >&5
configure:7091: $? = 0
configure:7130: result: ok
configure:7134: checking for objdir
configure:7151: result: .libs
configure:7249: checking for ar
configure:7270: found /usr/bin/ar
configure:7282: result: ar
configure:7353: checking for ranlib
configure:7374: found /usr/bin/ranlib
configure:7386: result: ranlib
configure:7457: checking for strip
configure:7478: found /usr/bin/strip
configure:7490: result: strip
configure:8093: checking if cc supports -fno-rtti -fno-exceptions
configure:8112: cc -c -g -O2  -fno-rtti -fno-exceptions conftest.c >&5
cc1: warning: command-line option '-fno-rtti' is valid for C++/D/ObjC++ but not for C
configure:8116: $? = 0
configure:8130: result: no
configure:8145: checking for cc option to produce PIC
configure:8385: result: -fPIC
configure:8393: checking if cc PIC flag -fPIC works
configure:8412: cc -c -g -O2  -fPIC -DPIC conftest.c >&5
configure:8416: $? = 0
configure:8430: result: yes
configure:8458: checking if cc static flag -static works
configure:8488: result: yes
configure:8498: checking if cc supports -c -o file.o
configure:8520: cc -c -g -O2  -o out/conftest2.o conftest.c >&5
configure:8524: $? = 0
configure:8547: result: yes
configure:8573: checking whether the cc linker (/usr/bin/ld -m elf_x86_64) supports shared libraries
configure:9501: result: yes
configure:9522: checking whether -lc should be explicitly linked in
configure:9527: cc -c -g -O2  conftest.c >&5
configure:9530: $? = 0
configure:9545: cc -shared conftest.o  -v -Wl,-soname -Wl,conftest -o conftest 2\>\&1 \| grep  -lc  \>/dev/null 2\>\&1
configure:9548: $? = 0
configure:9560: result: no
configure:9568: checking dynamic linker characteristics
configure:10177: result: GNU/Linux ld.so
configure:10205: checking how to hardcode library paths into programs
configure:10230: result: immediate
configure:10244: checking whether stripping libraries is possible
configure:10249: result: yes
configure:10812: checking if libtool supports shared libraries
configure:10814: result: yes
configure:10817: checking whether to build shared libraries
configure:10838: result: yes
configure:10841: checking whether to build static libraries
configure:10845: result: no
configure:10939: result:
creating libtool
configure:14583: result: 
configure:14585: result: [1mGenerating files[m
configure:14702: creating build directories
configure:14707: creating Makefile
configure:14723: patching config.h.in
configure:14734: creating ./config.status

## ---------------------- ##
## Running config.status. ##
## ---------------------- ##

This file was extended by config.status, which was
generated by GNU Autoconf 2.72.  Invocation command line was

  CONFIG_FILES    = 
  CONFIG_HEADERS  = 
  CONFIG_LINKS    = 
  CONFIG_COMMANDS = 
  $ ./config.status 

on bode

config.status:677: creating config.h
config.status:767: config.h is unchanged

## ---------------- ##
## Cache variables. ##
## ---------------- ##

PHP_cv_APCU_GCC_ATOMICS=yes
ac_cv_build=x86_64-pc-linux-gnu
ac_cv_c_compiler_gnu=yes
ac_cv_env_CC_set=
ac_cv_env_CC_value=
ac_cv_env_CFLAGS_set=
ac_cv_env_CFLAGS_value=
ac_cv_env_CPPFLAGS_set=
ac_cv_env_CPPFLAGS_value=
ac_cv_env_CPP_set=
ac_cv_env_CPP_value=
ac_cv_env_LDFLAGS_set=
ac_cv_env_LDFLAGS_value=
ac_cv_env_LIBS_set=
ac_cv_env_LIBS_value=
ac_cv_env_PKG_CONFIG_LIBDIR_set=
ac_cv_env_PKG_CONFIG_LIBDIR_value=
ac_cv_env_PKG_CONFIG_PATH_set=
ac_cv_env_PKG_CONFIG_PATH_value=
ac_cv_env_PKG_CONFIG_set=
ac_cv_env_PKG_CONFIG_value=
ac_cv_env_build_alias_set=
ac_cv_env_build_alias_value=
ac_cv_env_host_alias_set=
ac_cv_env_host_alias_value=
ac_cv_env_target_alias_set=
ac_cv_env_target_alias_value=
ac_cv_func_sigaction=yes
ac_cv_header_dlfcn_h=yes
ac_cv_header_inttypes_h=yes
ac_cv_header_stdint_h=yes
ac_cv_header_stdio_h=yes
ac_cv_header_stdlib_h=yes
ac_cv_header_string_h=yes
ac_cv_header_strings_h=yes
ac_cv_header_sys_stat_h=yes
ac_cv_header_sys_types_h=yes
ac_cv_header_unistd_h=yes
ac_cv_header_valgrind_memcheck_h=no
ac_cv_host=x86_64-pc-linux-gnu
ac_cv_objext=o
ac_cv_path_EGREP='/usr/bin/grep -E'
ac_cv_path_EGREP_TRADITIONAL='/usr/bin/grep -E'
ac_cv_path_GREP=/usr/bin/grep
ac_cv_path_SED=/usr/bin/sed
ac_cv_path_ac_pt_PKG_CONFIG=/usr/bin/pkg-config
ac_cv_prog_AWK=gawk
ac_cv_prog_CPP='cc -E'
ac_cv_prog_ac_ct_AR=ar
ac_cv_prog_ac_ct_CC=cc
ac_cv_prog_ac_ct_RANLIB=ranlib
ac_cv_prog_ac_ct_STRIP=strip
ac_cv_prog_cc_c11=
ac_cv_prog_cc_g=yes
ac_cv_prog_cc_stdc=
ac_cv_search_shm_open='none required'
ac_cv_target=x86_64-pc-linux-gnu
ax_cv_check_cflags___Wall=yes
ax_cv_check_cflags___Wextra=yes
ax_cv_check_cflags___Wno_unused_parameter=yes
lt_cv_deplibs_check_method=pass_all
lt_cv_file_magic_cmd='$MAGIC_CMD'
lt_cv_file_magic_test_file=
lt_cv_ld_reload_flag=-r
lt_cv_objdir=.libs
lt_cv_path_LD=/usr/bin/ld
lt_cv_path_NM='/usr/bin/nm -B'
lt_cv_path_SED=/usr/bin/sed
lt_cv_prog_compiler_c_o=yes
lt_cv_prog_compiler_pic_works=yes
lt_cv_prog_compiler_rtti_exceptions=no
lt_cv_prog_compiler_static_works=yes
lt_cv_prog_gnu_ld=yes
lt_cv_sys_global_symbol_pipe='sed -n -e '\''s/^.*[ 	]\([ABCDGIRSTW][ABCDGIRSTW]*\)[ 	][ 	]*\([_A-Za-z][_A-Za-z0-9]*\)$/\1 \2 \2/p'\'''
lt_cv_sys_global_symbol_to_c_name_address='sed -n -e '\''s/^: \([^ ]*\) $/  {\"\1\", (lt_ptr) 0},/p'\'' -e '\''s/^[BCDEGRST] \([^ ]*\) \([^ ]*\)$/  {"\2", (lt_ptr) \&\2},/p'\'''
lt_cv_sys_global_symbol_to_cdecl='sed -n -e '\''s/^. .* \(.*\)$/extern int \1;/p'\'''
lt_cv_sys_lib_dlsearch_path_spec='/lib /usr/lib /usr/lib/apache2/modules /usr/lib/x86_64-linux-gnu/libfakeroot /usr/lib/wsl/lib /usr/local/lib /usr/local/php-zts/lib /usr/local/lib/x86_64-linux-gnu /lib/x86_64-linux-gnu /usr/lib/x86_64-linux-gnu '
lt_cv_sys_lib_search_path_spec='/usr/lib/gcc/x86_64-linux-gnu/14 /usr/lib/x86_64-linux-gnu /usr/lib /lib/x86_64-linux-gnu /lib'
lt_cv_sys_max_cmd_len=1572864
lt_lt_cv_prog_compiler_c_o='"yes"'
lt_lt_cv_sys_global_symbol_pipe='"sed -n -e '\''s/^.*[ 	]\\([ABCDGIRSTW][ABCDGIRSTW]*\\)[ 	][ 	]*\\([_A-Za-z][_A-Za-z0-9]*\\)\$/\\1 \\2 \\2/p'\''"'
lt_lt_cv_sys_global_symbol_to_c_name_address='"sed -n -e '\''s/^: \\([^ ]*\\) \$/  {\\\"\\1\\\", (lt_ptr) 0},/p'\'' -e '\''s/^[BCDEGRST] \\([^ ]*\\) \\([^ ]*\\)\$/  {\"\\2\", (lt_ptr) \\&\\2},/p'\''"'
lt_lt_cv_sys_global_symbol_to_cdecl='"sed -n -e '\''s/^. .* \\(.*\\)\$/extern int \\1;/p'\''"'
php_cv_cc_rpath=yes

## ----------------- ##
## Output variables. ##
## ----------------- ##

AR='ar'
AWK='gawk'
BUILD_CC='cc'
CC='cc'
CFLAGS='-g -O2'
CONFIGURE_COMMAND=' '\''./configure'\''  '\''--with-php-config=/usr/local/php-zts/bin/php-config'\'''
CONFIGURE_OPTIONS=' '\''--with-php-config=/usr/local/php-zts/bin/php-config'\'''
CPP='cc -E'
CPPFLAGS=' -DHAVE_CONFIG_H'
DEFS='-DHAVE_CONFIG_H'
DSYMUTIL=''
ECHO='echo'
ECHO_C=''
ECHO_N='-n'
ECHO_T=''
EGREP='/usr/bin/grep -E'
EXEEXT=''
GENHTML=''
GREP='/usr/bin/grep'
LCOV=''
LDFLAGS=''
LIBOBJS=''
LIBS=''
LIBTOOL='$(SHELL) $(top_builddir)/libtool'
LN_S='ln -s'
LTLIBOBJS=''
NMEDIT=''
OBJEXT='o'
PACKAGE_BUGREPORT=''
PACKAGE_NAME=''
PACKAGE_STRING=''
PACKAGE_TARNAME=''
PACKAGE_URL=''
PACKAGE_VERSION=''
PATH_SEPARATOR=':'
PKG_CONFIG='/usr/bin/pkg-config'
PKG_CONFIG_LIBDIR=''
PKG_CONFIG_PATH=''
RANLIB='ranlib'
SED='/usr/bin/sed'
SHELL='/bin/bash'
SHLIB_DL_SUFFIX_NAME='so'
SHLIB_SUFFIX_NAME='so'
STRIP='strip'
ac_ct_CC='cc'
bindir='${exec_prefix}/bin'
build='x86_64-pc-linux-gnu'
build_alias=''
build_cpu='x86_64'
build_os='linux-gnu'
build_vendor='pc'
datadir='${datarootdir}'
datarootdir='${prefix}/share'
docdir='${datarootdir}/doc/${PACKAGE}'
dvidir='${docdir}'
exec_prefix='$(prefix)'
host='x86_64-pc-linux-gnu'
host_alias='x86_64-pc-linux-gnu'
host_cpu='x86_64'
host_os='linux-gnu'
host_vendor='pc'
htmldir='${docdir}'
includedir='${prefix}/include'
infodir='${datarootdir}/info'
libdir='${exec_prefix}/lib'
libexecdir='${exec_prefix}/libexec'
localedir='${datarootdir}/locale'
localstatedir='${prefix}/var'
mandir='${datarootdir}/man'
oldincludedir='/usr/include'
pdfdir='${docdir}'
prefix='/usr/local/php-zts'
program_transform_name='s,x,x,'
psdir='${docdir}'
runstatedir='${localstatedir}/run'
sbindir='${exec_prefix}/sbin'
sharedstatedir='${prefix}/com'
sysconfdir='${prefix}/etc'
target='x86_64-pc-linux-gnu'
target_alias=''
target_cpu='x86_64'
target_os='linux-gnu'
target_vendor='pc'

## ----------- ##
## confdefs.h. ##
## ----------- ##

/* confdefs.h */
#define PACKAGE_NAME ""
#define PACKAGE_TARNAME ""
#define PACKAGE_VERSION ""
#define PACKAGE_STRING ""
#define PACKAGE_BUGREPORT ""
#define PACKAGE_URL ""
#define APC_MMAP 1
#define HAVE_STDIO_H 1
#define HAVE_STDLIB_H 1
#define HAVE_STRING_H 1
#define HAVE_INTTYPES_H 1
#define HAVE_STDINT_H 1
#define HAVE_STRINGS_H 1
#define HAVE_SYS_STAT_H 1
#define HAVE_SYS_TYPES_H 1
#define HAVE_UNISTD_H 1
#define STDC_HEADERS 1
#define APC_NATIVE_RWLOCK 1
#define APC_HAS_PTHREAD_MUTEX 1
#define HAVE_SIGACTION 1
#define COMPILE_DL_APCU 1
#define HAVE_APCU 1
#define HAVE_DLFCN_H 1

configure: exit 0
