This file contains any messages produced by compilers while
running configure, to aid debugging if configure makes a mistake.

It was created by configure, which was
generated by GNU Autoconf 2.72.  Invocation command line was

  $ ./configure --with-php-config=/usr/local/php-zts/bin/php-config

## --------- ##
## Platform. ##
## --------- ##

hostname = bode
uname -m = x86_64
uname -r = 6.6.87.2-microsoft-standard-WSL2
uname -s = Linux
uname -v = #1 SMP PREEMPT_DYNAMIC Thu Jun  5 18:30:46 UTC 2025

/usr/bin/uname -p = unknown
/bin/uname -X     = unknown

/bin/arch              = x86_64
/usr/bin/arch -k       = unknown
/usr/convex/getsysinfo = unknown
/usr/bin/hostinfo      = unknown
/bin/machine           = unknown
/usr/bin/oslevel       = unknown
/bin/universe          = unknown

PATH: /usr/local/sbin/
PATH: /usr/local/bin/
PATH: /usr/sbin/
PATH: /usr/bin/
PATH: /sbin/
PATH: /bin/


## ----------- ##
## Core tests. ##
## ----------- ##

configure:2550: looking for aux files: config.guess config.sub
configure:2563:  trying ./build/
configure:2592:   ./build/config.guess found
configure:2592:   ./build/config.sub found
configure:2710: checking for grep that handles long lines and -e
configure:2776: result: /usr/bin/grep
configure:2781: checking for egrep
configure:2851: result: /usr/bin/grep -E
configure:2858: checking for a sed that does not truncate output
configure:2930: result: /usr/bin/sed
configure:3007: checking build system type
configure:3023: result: x86_64-pc-linux-gnu
configure:3043: checking host system type
configure:3058: result: x86_64-pc-linux-gnu
configure:3078: checking target system type
configure:3093: result: x86_64-pc-linux-gnu
configure:3145: checking for gawk
configure:3167: found /usr/bin/gawk
configure:3179: result: gawk
configure:3287: checking for pkg-config
configure:3310: found /usr/bin/pkg-config
configure:3323: result: /usr/bin/pkg-config
configure:3348: checking pkg-config is at least version 0.9.0
configure:3351: result: yes
configure:3428: checking for cc
configure:3449: found /usr/bin/cc
configure:3461: result: cc
configure:3492: checking for C compiler version
configure:3501: cc --version >&5
cc (Debian 14.2.0-19) 14.2.0
Copyright (C) 2024 Free Software Foundation, Inc.
This is free software; see the source for copying conditions.  There is NO
warranty; not even for MERCHANTABILITY or FITNESS FOR A PARTICULAR PURPOSE.

configure:3512: $? = 0
configure:3501: cc -v >&5
Using built-in specs.
COLLECT_GCC=cc
COLLECT_LTO_WRAPPER=/usr/libexec/gcc/x86_64-linux-gnu/14/lto-wrapper
OFFLOAD_TARGET_NAMES=nvptx-none:amdgcn-amdhsa
OFFLOAD_TARGET_DEFAULT=1
Target: x86_64-linux-gnu
Configured with: ../src/configure -v --with-pkgversion='Debian 14.2.0-19' --with-bugurl=file:///usr/share/doc/gcc-14/README.Bugs --enable-languages=c,ada,c++,go,d,fortran,objc,obj-c++,m2,rust --prefix=/usr --with-gcc-major-version-only --program-suffix=-14 --program-prefix=x86_64-linux-gnu- --enable-shared --enable-linker-build-id --libexecdir=/usr/libexec --without-included-gettext --enable-threads=posix --libdir=/usr/lib --enable-nls --enable-bootstrap --enable-clocale=gnu --enable-libstdcxx-debug --enable-libstdcxx-time=yes --with-default-libstdcxx-abi=new --enable-libstdcxx-backtrace --enable-gnu-unique-object --disable-vtable-verify --enable-plugin --enable-default-pie --with-system-zlib --enable-libphobos-checking=release --with-target-system-zlib=auto --enable-objc-gc=auto --enable-multiarch --disable-werror --enable-cet --with-arch-32=i686 --with-abi=m64 --with-multilib-list=m32,m64,mx32 --enable-multilib --with-tune=generic --enable-offload-targets=nvptx-none=/build/reproducible-path/gcc-14-14.2.0/debian/tmp-nvptx/usr,amdgcn-amdhsa=/build/reproducible-path/gcc-14-14.2.0/debian/tmp-gcn/usr --enable-offload-defaulted --without-cuda-driver --enable-checking=release --build=x86_64-linux-gnu --host=x86_64-linux-gnu --target=x86_64-linux-gnu --with-build-config=bootstrap-lto-lean --enable-link-serialization=3
Thread model: posix
Supported LTO compression algorithms: zlib zstd
gcc version 14.2.0 (Debian 14.2.0-19) 
... rest of stderr output deleted ...
configure:3512: $? = 0
configure:3501: cc -V >&5
cc: error: unrecognized command-line option '-V'
cc: fatal error: no input files
compilation terminated.
configure:3512: $? = 1
configure:3501: cc -qversion >&5
cc: error: unrecognized command-line option '-qversion'; did you mean '--version'?
cc: fatal error: no input files
compilation terminated.
configure:3512: $? = 1
configure:3501: cc -version >&5
cc: error: unrecognized command-line option '-version'
cc: fatal error: no input files
compilation terminated.
configure:3512: $? = 1
configure:3532: checking whether the C compiler works
configure:3554: cc    conftest.c  >&5
configure:3558: $? = 0
configure:3609: result: yes
configure:3613: checking for C compiler default output file name
configure:3615: result: a.out
configure:3621: checking for suffix of executables
configure:3628: cc -o conftest    conftest.c  >&5
configure:3632: $? = 0
configure:3656: result: 
configure:3680: checking whether we are cross compiling
configure:3688: cc -o conftest    conftest.c  >&5
configure:3692: $? = 0
configure:3699: ./conftest
configure:3703: $? = 0
configure:3718: result: no
configure:3724: checking for suffix of object files
configure:3747: cc -c   conftest.c >&5
configure:3751: $? = 0
configure:3775: result: o
configure:3779: checking whether the compiler supports GNU C
configure:3799: cc -c   conftest.c >&5
configure:3799: $? = 0
configure:3811: result: yes
configure:3822: checking whether cc accepts -g
configure:3843: cc -c -g  conftest.c >&5
configure:3843: $? = 0
configure:3890: result: yes
configure:3910: checking for cc option to enable C11 features
configure:3925: cc  -c -g -O2  conftest.c >&5
configure:3925: $? = 0
configure:3944: result: none needed
configure:4068: checking how to run the C preprocessor
configure:4094: cc -E  conftest.c
configure:4094: $? = 0
configure:4110: cc -E  conftest.c
conftest.c:9:10: fatal error: ac_nonexistent.h: No such file or directory
    9 | #include <ac_nonexistent.h>
      |          ^~~~~~~~~~~~~~~~~~
compilation terminated.
configure:4110: $? = 1
configure: failed program was:
| /* confdefs.h */
| #define PACKAGE_NAME ""
| #define PACKAGE_TARNAME ""
| #define PACKAGE_VERSION ""
| #define PACKAGE_STRING ""
| #define PACKAGE_BUGREPORT ""
| #define PACKAGE_URL ""
| /* end confdefs.h.  */
| #include <ac_nonexistent.h>
configure:4139: result: cc -E
configure:4153: cc -E  conftest.c
configure:4153: $? = 0
configure:4169: cc -E  conftest.c
conftest.c:9:10: fatal error: ac_nonexistent.h: No such file or directory
    9 | #include <ac_nonexistent.h>
      |          ^~~~~~~~~~~~~~~~~~
compilation terminated.
configure:4169: $? = 1
configure: failed program was:
| /* confdefs.h */
| #define PACKAGE_NAME ""
| #define PACKAGE_TARNAME ""
| #define PACKAGE_VERSION ""
| #define PACKAGE_STRING ""
| #define PACKAGE_BUGREPORT ""
| #define PACKAGE_URL ""
| /* end confdefs.h.  */
| #include <ac_nonexistent.h>
configure:4202: checking for egrep -e
configure:4332: result: /usr/bin/grep -E
configure:4338: checking for icc
configure:4348: result: no
configure:4363: checking for suncc
configure:4373: result: no
configure:4392: checking for system library directory
configure:4409: result: lib
configure:4416: checking if compiler supports -Wl,-rpath,
configure:4436: cc -o conftest -g -O2   conftest.c -Wl,-rpath,/usr/lib  >&5
configure:4436: $? = 0
configure:4449: result: yes
configure:4573: checking for PHP prefix
configure:4575: result: /usr/local/php-zts
configure:4577: checking for PHP includes
configure:4579: result: -I/usr/local/php-zts/include/php -I/usr/local/php-zts/include/php/main -I/usr/local/php-zts/include/php/TSRM -I/usr/local/php-zts/include/php/Zend -I/usr/local/php-zts/include/php/ext -I/usr/local/php-zts/include/php/ext/date/lib
configure:4581: checking for PHP extension directory
configure:4583: result: /usr/local/php-zts/lib/php/extensions/no-debug-zts-20240924
configure:4585: checking for PHP installed headers prefix
configure:4587: result: /usr/local/php-zts/include/php
configure:4590: checking if debugging is enabled
configure:4614: result: no
configure:4617: checking if PHP is built with thread safety (ZTS)
configure:4641: result: yes
configure:4718: result: 
configure:4720: result: [1mConfiguring extension[m
configure:4727: checking whether to enable the imagick extension
configure:4769: result: yes, shared
configure:4825: checking for pkg-config
configure:4862: result: /usr/bin/pkg-config
configure:4880: checking ImageMagick MagickWand API configuration program
configure:4913: checking Testing /usr/local/bin/MagickWand-config
configure:4930: result: Doesn't exist
configure:4913: checking Testing /usr/bin/MagickWand-config
configure:4930: result: Doesn't exist
configure:4913: checking Testing /usr/sbin/bin/MagickWand-config
configure:4930: result: Doesn't exist
configure:4913: checking Testing /opt/bin/MagickWand-config
configure:4930: result: Doesn't exist
configure:4913: checking Testing /opt/local/bin/MagickWand-config
configure:4930: result: Doesn't exist
configure:4913: checking Testing /opt/homebrew/bin/MagickWand-config
configure:4930: result: Doesn't exist
configure:4944: result: found in /usr/bin/pkg-config
configure:4961: checking if ImageMagick version is at least 6.5.3
configure:4964: result: found version 7.1.1
configure:4976: checking for MagickWand.h or magick-wand.h header
configure:5017: result: /usr/include/ImageMagick-7/MagickWand/MagickWand.h
configure:5082: checking PHP version is at least 5.6.0
configure:5100: result: yes. found 8.4.21
configure:5278: checking for MagickGetVersion
configure:5278: cc -o conftest -g -O2   conftest.c  -lMagickWand-7.Q16 -lMagickCore-7.Q16  >&5
configure:5278: $? = 0
configure:5278: result: yes
configure:5309: checking omp_pause_resource_all usability
configure:5326: cc -c -g -O2  conftest.c >&5
configure:5326: $? = 0
configure:5329: result: yes
configure:5331: checking Which flavour of OpenMP to link
configure:5812: checking for omp_pause_resource_all
configure:5812: cc -o conftest -g -O2   conftest.c  >&5
/usr/bin/ld: /tmp/ccdKcIxD.o: in function `main':
/home/bode/sites/mod_apex/dist/src/imagick-3.8.1/conftest.c:38:(.text.startup+0x5): undefined reference to `omp_pause_resource_all'
collect2: error: ld returned 1 exit status
configure:5812: $? = 1
configure: failed program was:
| /* confdefs.h */
| #define PACKAGE_NAME ""
| #define PACKAGE_TARNAME ""
| #define PACKAGE_VERSION ""
| #define PACKAGE_STRING ""
| #define PACKAGE_BUGREPORT ""
| #define PACKAGE_URL ""
| #define IM_MAGICKWAND_HEADER_STYLE_SEVEN 1
| #define HAVE_MAGICKGETVERSION 1
| /* end confdefs.h.  */
| /* Define omp_pause_resource_all to an innocuous variant, in case <limits.h> declares omp_pause_resource_all.
|    For example, HP-UX 11i <limits.h> declares gettimeofday.  */
| #define omp_pause_resource_all innocuous_omp_pause_resource_all
| 
| /* System header to define __stub macros and hopefully few prototypes,
|    which can conflict with char omp_pause_resource_all (void); below.  */
| 
| #include <limits.h>
| #undef omp_pause_resource_all
| 
| /* Override any GCC internal prototype to avoid an error.
|    Use char because int might match the return type of a GCC
|    builtin and then its argument prototype would still apply.  */
| #ifdef __cplusplus
| extern "C"
| #endif
| char omp_pause_resource_all (void);
| /* The GNU C library defines this for functions which it implements
|     to always fail with ENOSYS.  Some functions are actually named
|     something starting with __ and the normal name is an alias.  */
| #if defined __stub_omp_pause_resource_all || defined __stub___omp_pause_resource_all
| choke me
| #endif
| 
| int
| main (void)
| {
| return omp_pause_resource_all ();
|   ;
|   return 0;
| }
configure:5812: result: no
configure:5817: checking for __omp_pause_resource_all
configure:5817: cc -o conftest -g -O2   conftest.c  >&5
/usr/bin/ld: /tmp/cchOgbt8.o: in function `main':
/home/bode/sites/mod_apex/dist/src/imagick-3.8.1/conftest.c:38:(.text.startup+0x5): undefined reference to `__omp_pause_resource_all'
collect2: error: ld returned 1 exit status
configure:5817: $? = 1
configure: failed program was:
| /* confdefs.h */
| #define PACKAGE_NAME ""
| #define PACKAGE_TARNAME ""
| #define PACKAGE_VERSION ""
| #define PACKAGE_STRING ""
| #define PACKAGE_BUGREPORT ""
| #define PACKAGE_URL ""
| #define IM_MAGICKWAND_HEADER_STYLE_SEVEN 1
| #define HAVE_MAGICKGETVERSION 1
| /* end confdefs.h.  */
| /* Define __omp_pause_resource_all to an innocuous variant, in case <limits.h> declares __omp_pause_resource_all.
|    For example, HP-UX 11i <limits.h> declares gettimeofday.  */
| #define __omp_pause_resource_all innocuous___omp_pause_resource_all
| 
| /* System header to define __stub macros and hopefully few prototypes,
|    which can conflict with char __omp_pause_resource_all (void); below.  */
| 
| #include <limits.h>
| #undef __omp_pause_resource_all
| 
| /* Override any GCC internal prototype to avoid an error.
|    Use char because int might match the return type of a GCC
|    builtin and then its argument prototype would still apply.  */
| #ifdef __cplusplus
| extern "C"
| #endif
| char __omp_pause_resource_all (void);
| /* The GNU C library defines this for functions which it implements
|     to always fail with ENOSYS.  Some functions are actually named
|     something starting with __ and the normal name is an alias.  */
| #if defined __stub___omp_pause_resource_all || defined __stub_____omp_pause_resource_all
| choke me
| #endif
| 
| int
| main (void)
| {
| return __omp_pause_resource_all ();
|   ;
|   return 0;
| }
configure:5817: result: no
configure:5843: checking for omp_pause_resource_all in -lgomp
configure:5872: cc -o conftest -g -O2   conftest.c -lgomp   >&5
configure:5872: $? = 0
configure:5884: result: yes
configure:5967: cc -o conftest -g -O2   conftest.c  -lgomp >&5
configure:5967: $? = 0
configure:5967: ./conftest
configure:5967: $? = 0
configure:6034: result: GCC flavoured OpenMP
configure:6339: result: 
configure:6341: result: [1mConfiguring libtool[m
configure:6429: checking for a sed that does not truncate output
configure:6485: result: /usr/bin/sed
configure:6501: checking for ld used by cc
configure:6570: result: /usr/bin/ld
configure:6577: checking if the linker (/usr/bin/ld) is GNU ld
configure:6594: result: yes
configure:6599: checking for /usr/bin/ld option to reload object files
configure:6608: result: -r
configure:6626: checking for BSD-compatible nm
configure:6677: result: /usr/bin/nm -B
configure:6681: checking whether ln -s works
configure:6685: result: yes
configure:6692: checking how to recognize dependent libraries
configure:6880: result: pass_all
configure:6965: cc -c -g -O2  conftest.c >&5
configure:6968: $? = 0
configure:7105: checking for stdio.h
configure:7105: cc -c -g -O2  conftest.c >&5
configure:7105: $? = 0
configure:7105: result: yes
configure:7105: checking for stdlib.h
configure:7105: cc -c -g -O2  conftest.c >&5
configure:7105: $? = 0
configure:7105: result: yes
configure:7105: checking for string.h
configure:7105: cc -c -g -O2  conftest.c >&5
configure:7105: $? = 0
configure:7105: result: yes
configure:7105: checking for inttypes.h
configure:7105: cc -c -g -O2  conftest.c >&5
configure:7105: $? = 0
configure:7105: result: yes
configure:7105: checking for stdint.h
configure:7105: cc -c -g -O2  conftest.c >&5
configure:7105: $? = 0
configure:7105: result: yes
configure:7105: checking for strings.h
configure:7105: cc -c -g -O2  conftest.c >&5
configure:7105: $? = 0
configure:7105: result: yes
configure:7105: checking for sys/stat.h
configure:7105: cc -c -g -O2  conftest.c >&5
configure:7105: $? = 0
configure:7105: result: yes
configure:7105: checking for sys/types.h
configure:7105: cc -c -g -O2  conftest.c >&5
configure:7105: $? = 0
configure:7105: result: yes
configure:7105: checking for unistd.h
configure:7105: cc -c -g -O2  conftest.c >&5
configure:7105: $? = 0
configure:7105: result: yes
configure:7130: checking for dlfcn.h
configure:7130: cc -c -g -O2  conftest.c >&5
configure:7130: $? = 0
configure:7130: result: yes
configure:7149: checking the maximum length of command line arguments
configure:7263: result: 1572864
configure:7275: checking command to parse /usr/bin/nm -B output from cc object
configure:7381: cc -c -g -O2  conftest.c >&5
configure:7384: $? = 0
configure:7388: /usr/bin/nm -B conftest.o \| sed -n -e 's/^.*[ 	]\([ABCDGIRSTW][ABCDGIRSTW]*\)[ 	][ 	]*\([_A-Za-z][_A-Za-z0-9]*\)$/\1 \2 \2/p' \> conftest.nm
configure:7391: $? = 0
configure:7443: cc -o conftest -g -O2   conftest.c conftstm.o >&5
configure:7446: $? = 0
configure:7485: result: ok
configure:7489: checking for objdir
configure:7506: result: .libs
configure:7604: checking for ar
configure:7625: found /usr/bin/ar
configure:7637: result: ar
configure:7708: checking for ranlib
configure:7729: found /usr/bin/ranlib
configure:7741: result: ranlib
configure:7812: checking for strip
configure:7833: found /usr/bin/strip
configure:7845: result: strip
configure:8448: checking if cc supports -fno-rtti -fno-exceptions
configure:8467: cc -c -g -O2  -fno-rtti -fno-exceptions conftest.c >&5
cc1: warning: command-line option '-fno-rtti' is valid for C++/D/ObjC++ but not for C
configure:8471: $? = 0
configure:8485: result: no
configure:8500: checking for cc option to produce PIC
configure:8740: result: -fPIC
configure:8748: checking if cc PIC flag -fPIC works
configure:8767: cc -c -g -O2  -fPIC -DPIC conftest.c >&5
configure:8771: $? = 0
configure:8785: result: yes
configure:8813: checking if cc static flag -static works
configure:8843: result: yes
configure:8853: checking if cc supports -c -o file.o
configure:8875: cc -c -g -O2  -o out/conftest2.o conftest.c >&5
configure:8879: $? = 0
configure:8902: result: yes
configure:8928: checking whether the cc linker (/usr/bin/ld -m elf_x86_64) supports shared libraries
configure:9856: result: yes
configure:9877: checking whether -lc should be explicitly linked in
configure:9882: cc -c -g -O2  conftest.c >&5
configure:9885: $? = 0
configure:9900: cc -shared conftest.o  -v -Wl,-soname -Wl,conftest -o conftest 2\>\&1 \| grep  -lc  \>/dev/null 2\>\&1
configure:9903: $? = 0
configure:9915: result: no
configure:9923: checking dynamic linker characteristics
configure:10532: result: GNU/Linux ld.so
configure:10560: checking how to hardcode library paths into programs
configure:10585: result: immediate
configure:10599: checking whether stripping libraries is possible
configure:10604: result: yes
configure:11167: checking if libtool supports shared libraries
configure:11169: result: yes
configure:11172: checking whether to build shared libraries
configure:11193: result: yes
configure:11196: checking whether to build static libraries
configure:11200: result: no
configure:11294: result:
creating libtool
configure:14938: result: 
configure:14940: result: [1mGenerating files[m
configure:15057: creating build directories
configure:15062: creating Makefile
configure:15078: patching config.h.in
configure:15089: creating ./config.status

## ---------------------- ##
## Running config.status. ##
## ---------------------- ##

This file was extended by config.status, which was
generated by GNU Autoconf 2.72.  Invocation command line was

  CONFIG_FILES    = 
  CONFIG_HEADERS  = 
  CONFIG_LINKS    = 
  CONFIG_COMMANDS = 
  $ ./config.status 

on bode

config.status:677: creating config.h
config.status:767: config.h is unchanged

## ---------------- ##
## Cache variables. ##
## ---------------- ##

ac_cv_build=x86_64-pc-linux-gnu
ac_cv_c_compiler_gnu=yes
ac_cv_env_CC_set=
ac_cv_env_CC_value=
ac_cv_env_CFLAGS_set=
ac_cv_env_CFLAGS_value=
ac_cv_env_CPPFLAGS_set=
ac_cv_env_CPPFLAGS_value=
ac_cv_env_CPP_set=
ac_cv_env_CPP_value=
ac_cv_env_LDFLAGS_set=
ac_cv_env_LDFLAGS_value=
ac_cv_env_LIBS_set=
ac_cv_env_LIBS_value=
ac_cv_env_PKG_CONFIG_LIBDIR_set=
ac_cv_env_PKG_CONFIG_LIBDIR_value=
ac_cv_env_PKG_CONFIG_PATH_set=
ac_cv_env_PKG_CONFIG_PATH_value=
ac_cv_env_PKG_CONFIG_set=
ac_cv_env_PKG_CONFIG_value=
ac_cv_env_build_alias_set=
ac_cv_env_build_alias_value=
ac_cv_env_host_alias_set=
ac_cv_env_host_alias_value=
ac_cv_env_target_alias_set=
ac_cv_env_target_alias_value=
ac_cv_func_MagickGetVersion=yes
ac_cv_func___omp_pause_resource_all=no
ac_cv_func_omp_pause_resource_all=yes
ac_cv_header_dlfcn_h=yes
ac_cv_header_inttypes_h=yes
ac_cv_header_stdint_h=yes
ac_cv_header_stdio_h=yes
ac_cv_header_stdlib_h=yes
ac_cv_header_string_h=yes
ac_cv_header_strings_h=yes
ac_cv_header_sys_stat_h=yes
ac_cv_header_sys_types_h=yes
ac_cv_header_unistd_h=yes
ac_cv_host=x86_64-pc-linux-gnu
ac_cv_lib_gomp_omp_pause_resource_all=yes
ac_cv_objext=o
ac_cv_path_EGREP='/usr/bin/grep -E'
ac_cv_path_EGREP_TRADITIONAL='/usr/bin/grep -E'
ac_cv_path_GREP=/usr/bin/grep
ac_cv_path_PKG_CONFIG=/usr/bin/pkg-config
ac_cv_path_SED=/usr/bin/sed
ac_cv_path_ac_pt_PKG_CONFIG=/usr/bin/pkg-config
ac_cv_prog_AWK=gawk
ac_cv_prog_CPP='cc -E'
ac_cv_prog_ac_ct_AR=ar
ac_cv_prog_ac_ct_CC=cc
ac_cv_prog_ac_ct_RANLIB=ranlib
ac_cv_prog_ac_ct_STRIP=strip
ac_cv_prog_cc_c11=
ac_cv_prog_cc_g=yes
ac_cv_prog_cc_stdc=
ac_cv_target=x86_64-pc-linux-gnu
lt_cv_deplibs_check_method=pass_all
lt_cv_file_magic_cmd='$MAGIC_CMD'
lt_cv_file_magic_test_file=
lt_cv_ld_reload_flag=-r
lt_cv_objdir=.libs
lt_cv_path_LD=/usr/bin/ld
lt_cv_path_NM='/usr/bin/nm -B'
lt_cv_path_SED=/usr/bin/sed
lt_cv_prog_compiler_c_o=yes
lt_cv_prog_compiler_pic_works=yes
lt_cv_prog_compiler_rtti_exceptions=no
lt_cv_prog_compiler_static_works=yes
lt_cv_prog_gnu_ld=yes
lt_cv_sys_global_symbol_pipe='sed -n -e '\''s/^.*[ 	]\([ABCDGIRSTW][ABCDGIRSTW]*\)[ 	][ 	]*\([_A-Za-z][_A-Za-z0-9]*\)$/\1 \2 \2/p'\'''
lt_cv_sys_global_symbol_to_c_name_address='sed -n -e '\''s/^: \([^ ]*\) $/  {\"\1\", (lt_ptr) 0},/p'\'' -e '\''s/^[BCDEGRST] \([^ ]*\) \([^ ]*\)$/  {"\2", (lt_ptr) \&\2},/p'\'''
lt_cv_sys_global_symbol_to_cdecl='sed -n -e '\''s/^. .* \(.*\)$/extern int \1;/p'\'''
lt_cv_sys_lib_dlsearch_path_spec='/lib /usr/lib /usr/lib/apache2/modules /usr/lib/x86_64-linux-gnu/libfakeroot /usr/lib/wsl/lib /usr/local/lib /usr/local/php-zts/lib /usr/local/lib/x86_64-linux-gnu /lib/x86_64-linux-gnu /usr/lib/x86_64-linux-gnu '
lt_cv_sys_lib_search_path_spec='/usr/lib/gcc/x86_64-linux-gnu/14 /usr/lib/x86_64-linux-gnu /usr/lib /lib/x86_64-linux-gnu /lib'
lt_cv_sys_max_cmd_len=1572864
lt_lt_cv_prog_compiler_c_o='"yes"'
lt_lt_cv_sys_global_symbol_pipe='"sed -n -e '\''s/^.*[ 	]\\([ABCDGIRSTW][ABCDGIRSTW]*\\)[ 	][ 	]*\\([_A-Za-z][_A-Za-z0-9]*\\)\$/\\1 \\2 \\2/p'\''"'
lt_lt_cv_sys_global_symbol_to_c_name_address='"sed -n -e '\''s/^: \\([^ ]*\\) \$/  {\\\"\\1\\\", (lt_ptr) 0},/p'\'' -e '\''s/^[BCDEGRST] \\([^ ]*\\) \\([^ ]*\\)\$/  {\"\\2\", (lt_ptr) \\&\\2},/p'\''"'
lt_lt_cv_sys_global_symbol_to_cdecl='"sed -n -e '\''s/^. .* \\(.*\\)\$/extern int \\1;/p'\''"'
php_cv_cc_rpath=yes

## ----------------- ##
## Output variables. ##
## ----------------- ##

AR='ar'
AWK='gawk'
BUILD_CC='cc'
CC='cc'
CFLAGS='-g -O2'
CONFIGURE_COMMAND=' '\''./configure'\''  '\''--with-php-config=/usr/local/php-zts/bin/php-config'\'''
CONFIGURE_OPTIONS=' '\''--with-php-config=/usr/local/php-zts/bin/php-config'\'''
CPP='cc -E'
CPPFLAGS=' -DHAVE_CONFIG_H'
DEFS='-DHAVE_CONFIG_H'
DSYMUTIL=''
ECHO='echo'
ECHO_C=''
ECHO_N='-n'
ECHO_T=''
EGREP='/usr/bin/grep -E'
EXEEXT=''
GREP='/usr/bin/grep'
LDFLAGS=''
LIBOBJS=''
LIBS='-lgomp '
LIBTOOL='$(SHELL) $(top_builddir)/libtool'
LN_S='ln -s'
LTLIBOBJS=''
NMEDIT=''
OBJEXT='o'
PACKAGE_BUGREPORT=''
PACKAGE_NAME=''
PACKAGE_STRING=''
PACKAGE_TARNAME=''
PACKAGE_URL=''
PACKAGE_VERSION=''
PATH_SEPARATOR=':'
PKG_CONFIG='/usr/bin/pkg-config'
PKG_CONFIG_LIBDIR=''
PKG_CONFIG_PATH='/lib/pkgconfig'
RANLIB='ranlib'
SED='/usr/bin/sed'
SHELL='/bin/bash'
SHLIB_DL_SUFFIX_NAME='so'
SHLIB_SUFFIX_NAME='so'
STRIP='strip'
ac_ct_CC='cc'
bindir='${exec_prefix}/bin'
build='x86_64-pc-linux-gnu'
build_alias=''
build_cpu='x86_64'
build_os='linux-gnu'
build_vendor='pc'
datadir='${datarootdir}'
datarootdir='${prefix}/share'
docdir='${datarootdir}/doc/${PACKAGE}'
dvidir='${docdir}'
exec_prefix='$(prefix)'
host='x86_64-pc-linux-gnu'
host_alias='x86_64-pc-linux-gnu'
host_cpu='x86_64'
host_os='linux-gnu'
host_vendor='pc'
htmldir='${docdir}'
includedir='${prefix}/include'
infodir='${datarootdir}/info'
libdir='${exec_prefix}/lib'
libexecdir='${exec_prefix}/libexec'
localedir='${datarootdir}/locale'
localstatedir='${prefix}/var'
mandir='${datarootdir}/man'
oldincludedir='/usr/include'
pdfdir='${docdir}'
prefix='/usr/local/php-zts'
program_transform_name='s,x,x,'
psdir='${docdir}'
runstatedir='${localstatedir}/run'
sbindir='${exec_prefix}/sbin'
sharedstatedir='${prefix}/com'
sysconfdir='${prefix}/etc'
target='x86_64-pc-linux-gnu'
target_alias=''
target_cpu='x86_64'
target_os='linux-gnu'
target_vendor='pc'

## ----------- ##
## confdefs.h. ##
## ----------- ##

/* confdefs.h */
#define PACKAGE_NAME ""
#define PACKAGE_TARNAME ""
#define PACKAGE_VERSION ""
#define PACKAGE_STRING ""
#define PACKAGE_BUGREPORT ""
#define PACKAGE_URL ""
#define IM_MAGICKWAND_HEADER_STYLE_SEVEN 1
#define HAVE_MAGICKGETVERSION 1
#define HAVE_OMP_PAUSE_RESOURCE_ALL 1
#define HAVE_LIBGOMP 1
#define HAVE_IMAGICK 1
#define COMPILE_DL_IMAGICK 1
#define HAVE_STDIO_H 1
#define HAVE_STDLIB_H 1
#define HAVE_STRING_H 1
#define HAVE_INTTYPES_H 1
#define HAVE_STDINT_H 1
#define HAVE_STRINGS_H 1
#define HAVE_SYS_STAT_H 1
#define HAVE_SYS_TYPES_H 1
#define HAVE_UNISTD_H 1
#define STDC_HEADERS 1
#define HAVE_DLFCN_H 1

configure: exit 0
